========================================================================
  Avg Fitness Figures — 4 runs × 10 seeds
  Pop=100  Gens=100  Drives/eval=100
========================================================================

Loading probability distributions...
  Done.

========================================================================
  RUN1 — Run 1 — mean(pts), no constraints
========================================================================
  Seed   FinalBest  elapsed
  ----------------------------
     1      4.3300  00:51
     2      4.4100  00:51
     3      4.4400  00:50
     4      4.3100  00:50
     5      4.1800  00:52
     6      4.3800  00:50
     7      4.2500  00:49
     8      4.3300  00:53
     9      4.3000  00:51
    10      4.1400  00:51

  Saved /Users/jrdnmrtnz12/CAS_Football_GA/results/multi_seed/run1/gen_histories.csv
  Saved /Users/jrdnmrtnz12/CAS_Football_GA/results/multi_seed/run1/gen_stats.csv
  Saved /Users/jrdnmrtnz12/CAS_Football_GA/figures/multi_seed/run1_avg_fitness.png
  run1 complete — 8.5 min

========================================================================
  RUN3 — Run 3 — mean(pts) − 0.5·std + constraints
========================================================================
  Seed   FinalBest  elapsed
  ----------------------------
     1      2.6476  00:54
     2      2.6830  00:52
     3      2.4247  00:51
     4      2.7696  00:51
     5      3.0360  00:51
     6      2.7907  00:51
     7      2.9519  00:51
     8      2.7113  00:51
     9      3.0646  00:52
    10      2.3910  00:52

  Saved /Users/jrdnmrtnz12/CAS_Football_GA/results/multi_seed/run3/gen_histories.csv
  Saved /Users/jrdnmrtnz12/CAS_Football_GA/results/multi_seed/run3/gen_stats.csv
  Saved /Users/jrdnmrtnz12/CAS_Football_GA/figures/multi_seed/run3_avg_fitness.png
  run3 complete — 8.7 min

========================================================================
  RUN4A — Run 4a — mean(pts), turnover penalty −3.5
========================================================================
  Seed   FinalBest  elapsed
  ----------------------------
     1      3.5400  01:32
     2      3.6850  00:57
     3      3.8750  00:52
     4      3.3550  01:30
     5      3.6200  00:54
     6      3.4800  01:31
     7      3.7200  01:28
     8      3.5000  01:30
     9      3.2750  01:30
    10      3.5650  01:25

  Saved /Users/jrdnmrtnz12/CAS_Football_GA/results/multi_seed/run4a/gen_histories.csv
  Saved /Users/jrdnmrtnz12/CAS_Football_GA/results/multi_seed/run4a/gen_stats.csv
  Saved /Users/jrdnmrtnz12/CAS_Football_GA/figures/multi_seed/run4a_avg_fitness.png
  run4a complete — 13.2 min

========================================================================
  RUN4B — Run 4b — mean(pts) − 0.5·std, turnover penalty −3.5
========================================================================
  Seed   FinalBest  elapsed
  ----------------------------
     1      1.7593  01:34
     2      1.6876  01:34
     3      1.8161  01:33
     4      2.0639  01:34
     5      1.7117  01:33
     6      1.9765  01:39
     7      1.6952  01:36
     8      1.9683  01:36
     9      1.9795  01:34
    10      2.1055  01:33

  Saved /Users/jrdnmrtnz12/CAS_Football_GA/results/multi_seed/run4b/gen_histories.csv
  Saved /Users/jrdnmrtnz12/CAS_Football_GA/results/multi_seed/run4b/gen_stats.csv
  Saved /Users/jrdnmrtnz12/CAS_Football_GA/figures/multi_seed/run4b_avg_fitness.png
  run4b complete — 15.9 min

All done — total wall time: 46.3 min
