================================================================================
  CAS Football GA — All 6 Experiments × 10 Fixed Seeds
  Master seed: 2026
  Fixed seeds: [942082305, 1145077126, 1773871898, 1980789688, 2047133773, 1988008269, 381818397, 889207412, 2058534300, 84665779]
  Each GA: Pop=100  Gens=100  Drives/eval=100
================================================================================

Saved results/multi_seed/fixed_seeds.txt

Loading probability distributions...
  Done.

================================================================================
  Run 1 | mean(pts)
================================================================================
    #          Seed      Best    run%    sht%    dep%     4th  elapsed
  --------------------------------------------------------------------
    1     942082305    4.2200     2.7     5.8    91.5   1.000  00:53
    2    1145077126    4.5000     0.0     0.0   100.0   1.000  00:52
    3    1773871898    4.3400     7.3     2.9    89.8   0.970  00:56
    4    1980789688    4.5100     0.0     0.0   100.0   0.806  00:50
    5    2047133773    4.3700     0.0     4.3    95.7   0.948  00:51
    6    1988008269    4.1400     0.0     0.0   100.0   0.906  00:50
    7     381818397    4.2300     0.4     0.0    99.6   0.949  00:51
    8     889207412    4.2900     2.0    15.5    82.5   0.745  00:51
    9    2058534300    4.1700     0.0     3.0    97.0   0.837  00:51
   10      84665779    4.3000     5.2     4.4    90.4   1.000  00:50
  Saved results/multi_seed/run1/
  Saved /Users/jrdnmrtnz12/CAS_Football_GA/figures/multi_seed/run1_avg_fitness.png
  Run 1 done — 8.7 min | mean best: 4.3070 ± 0.1200

================================================================================
  Run 2 | mean(pts) − 0.5·std
================================================================================
    #          Seed      Best    run%    sht%    dep%     4th  elapsed
  --------------------------------------------------------------------
    1     942082305    2.8055     0.0     0.0   100.0   1.000  00:50
    2    1145077126    2.5623     4.8     7.2    88.0   0.827  00:50
    3    1773871898    2.8271     0.0     2.5    97.5   0.837  00:50
    4    1980789688    2.6755     3.4     0.8    95.7   0.771  00:50
    5    2047133773    2.8573     0.0     7.5    92.5   0.971  00:53
    6    1988008269    2.4779     4.6     0.0    95.4   1.000  00:50
    7     381818397    2.9821     1.9     0.0    98.1   0.968  00:52
    8     889207412    2.7545    18.5     0.0    81.5   0.906  00:50
    9    2058534300    2.7696     0.0     2.6    97.4   1.000  00:52
   10      84665779    2.8858     2.9     2.0    95.1   0.745  00:50
  Saved results/multi_seed/run2/
  Saved /Users/jrdnmrtnz12/CAS_Football_GA/figures/multi_seed/run2_avg_fitness.png
  Run 2 done — 8.6 min | mean best: 2.7598 ± 0.1439

================================================================================
  Run 3 | mean(pts) − 0.5·std + constraints
================================================================================
    #          Seed      Best    run%    sht%    dep%     4th  elapsed
  --------------------------------------------------------------------
    1     942082305    2.5432    11.8     4.4    83.8   0.883  00:51
    2    1145077126    2.8935     0.8     3.2    96.0   0.902  00:54
    3    1773871898    2.7113     4.1     0.0    95.9   0.957  00:52
    4    1980789688    2.5901     0.0     3.2    96.8   0.908  00:51
    5    2047133773    2.5275     4.8     0.0    95.2   0.959  00:53
    6    1988008269    2.6830     6.6     0.0    93.4   1.000  00:55
    7     381818397    2.5549     0.0     4.5    95.5   0.938  00:51
    8     889207412    2.6205     0.0     0.0   100.0   1.000  00:52
    9    2058534300    2.7980     2.8     2.6    94.6   0.984  00:51
   10      84665779    2.6755     2.9     4.6    92.6   0.939  00:52
  Saved results/multi_seed/run3/
  Saved /Users/jrdnmrtnz12/CAS_Football_GA/figures/multi_seed/run3_avg_fitness.png
  Run 3 done — 8.8 min | mean best: 2.6597 ± 0.1121

================================================================================
  Run 4a | mean(pts)  [TO=−3.5]
================================================================================
    #          Seed      Best    run%    sht%    dep%     4th  elapsed
  --------------------------------------------------------------------
    1     942082305    3.7600     9.1    89.6     1.4   1.000  01:28
    2    1145077126    3.4200     8.4    82.1     9.4   0.969  01:26
    3    1773871898    3.3600     0.0     7.8    92.2   0.901  00:54
    4    1980789688    3.7500     4.9    95.1     0.0   0.927  01:11
    5    2047133773    3.4400     4.9    95.1     0.0   0.957  01:22
    6    1988008269    3.6350     0.0    99.2     0.8   0.818  01:29
    7     381818397    3.6950     4.9    95.1     0.0   1.000  01:28
    8     889207412    3.4500    11.8    86.1     2.1   1.000  01:08
    9    2058534300    3.6100     8.2    77.9    13.9   0.990  01:30
   10      84665779    3.3300     4.3    95.7     0.0   0.927  01:35
  Saved results/multi_seed/run4a/
  Saved /Users/jrdnmrtnz12/CAS_Football_GA/figures/multi_seed/run4a_avg_fitness.png
  Run 4a done — 13.6 min | mean best: 3.5450 ± 0.1547

================================================================================
  Run 4b | mean(pts) − 0.5·std  [TO=−3.5]
================================================================================
    #          Seed      Best    run%    sht%    dep%     4th  elapsed
  --------------------------------------------------------------------
    1     942082305    1.6647     2.6    97.4     0.0   1.000  16:35
    2    1145077126    1.8045     0.0    96.9     3.1   0.916  01:39
    3    1773871898    1.4537     8.5    91.5     0.0   0.853  01:39
    4    1980789688    1.6115     1.4    93.4     5.2   0.966  01:40
    5    2047133773    1.9547    12.7    79.3     8.0   0.998  01:40
    6    1988008269    1.6603     2.6    93.9     3.5   0.693  01:41
    7     381818397    1.8657     0.5    96.7     2.8   0.691  01:40
    8     889207412    1.8070     0.0   100.0     0.0   1.000  01:43
    9    2058534300    1.8813     7.5    82.7     9.9   0.946  01:44
   10      84665779    1.6833     4.7    95.3     0.0   0.897  01:44
  Saved results/multi_seed/run4b/
  Saved /Users/jrdnmrtnz12/CAS_Football_GA/figures/multi_seed/run4b_avg_fitness.png
  Run 4b done — 31.8 min | mean best: 1.7387 ± 0.1429

================================================================================
  Run 5 | mean(pts)  [TO=−3.5 + FP-EPA]
================================================================================
    #          Seed      Best    run%    sht%    dep%     4th  elapsed
  --------------------------------------------------------------------
    1     942082305    3.3390     0.0     7.4    92.6   1.000  01:08
    2    1145077126    3.6470     4.0     9.9    86.1   1.000  00:57
    3    1773871898    3.1900     0.0     6.6    93.4   0.857  01:02
    4    1980789688    3.3060     0.0   100.0     0.0   0.982  01:35
    5    2047133773    3.3320     9.9     5.1    85.0   0.986  00:58
    6    1988008269    3.5810     0.0     8.9    91.1   0.924  00:57
    7     381818397    3.4680     0.0     0.1    99.9   0.797  00:57
    8     889207412    3.0940     5.1    43.0    51.9   0.895  01:12
    9    2058534300    3.8590     0.0     8.0    92.0   0.939  01:07
   10      84665779    3.4280     0.0     2.5    97.5   0.795  00:57
  Saved results/multi_seed/run5/
  Saved /Users/jrdnmrtnz12/CAS_Football_GA/figures/multi_seed/run5_avg_fitness.png
  Run 5 done — 10.9 min | mean best: 3.4244 ± 0.2142

Saved results/multi_seed/all_runs_summary.csv
Saved results/multi_seed/converged_strategy_summary.csv
  Saved /Users/jrdnmrtnz12/CAS_Football_GA/figures/multi_seed/mean_fitness_comparison.png

===============================================================================================
  FIXED-SEED SUMMARY (master_seed=2026, 10 seeds per experiment)
===============================================================================================
  Run     Fitness Function                        BestFit μ      ±σ   run% μ   sht% μ   dep% μ   4th μ
  -------------------------------------------------------------------------------------------
  run1    mean(pts)                                  4.3070  0.1200      1.8      3.6     94.7   0.916
  run2    mean(pts) − 0.5·std                        2.7598  0.1439      3.6      2.3     94.1   0.902
  run3    mean(pts) − 0.5·std + constraints          2.6597  0.1121      3.4      2.2     94.4   0.947
  run4a   mean(pts)  [TO=−3.5]                       3.5450  0.1547      5.7     82.4     12.0   0.949
  run4b   mean(pts) − 0.5·std  [TO=−3.5]             1.7387  0.1429      4.0     92.7      3.2   0.896
  run5    mean(pts)  [TO=−3.5 + FP-EPA]              3.4244  0.2142      1.9     19.2     78.9   0.917
===============================================================================================

All done — total wall time: 82.4 min
