================================================================================
  CAS Football GA — Multi-Seed Experiment
  5 runs × 10 seeds = 50 total GA runs
  Each GA: Pop=100  Gens=100  Drives/eval=100
================================================================================

Loading probability distributions from disk...
  Done.


================================================================================
  Run 1 | mean(pts)
================================================================================
  Seed      Best      Mean    run%    sht%    dep%     4th  elapsed
  --------------------------------------------------------------------
    1    4.3800    3.5091     0.0     0.0   100.0   0.994  00:52
    2    4.2300    3.4522     0.0     5.8    94.2   1.000  00:50
    3    4.1700    3.3899     0.0    14.7    85.3   1.000  00:51
    4    4.6700    3.5045     0.0     0.0   100.0   0.943  00:52
    5    4.4000    3.4916     0.0     7.2    92.8   1.000  00:50
    6    4.1100    3.3751     0.0     6.7    93.3   0.946  00:51
    7    4.4500    3.4781     0.0     0.0   100.0   0.939  00:51
    8    4.3500    3.4583     4.5     3.9    91.7   0.893  00:50
    9    4.2000    3.4586     6.7     5.4    87.8   0.916  00:51
   10    4.2500    3.4193     0.0     8.0    92.0   1.000  00:51

  Saved /Users/jrdnmrtnz12/CAS_Football_GA/results/multi_seed/run1/seed_results.csv
  Saved /Users/jrdnmrtnz12/CAS_Football_GA/results/multi_seed/run1/summary_stats.csv
  Run 1 complete — 8.6 min total

================================================================================
  Run 2 | mean(pts) − 0.5·std
================================================================================
  Seed      Best      Mean    run%    sht%    dep%     4th  elapsed
  --------------------------------------------------------------------
    1    2.6401    1.8150     2.4     4.2    93.4   0.883  00:54
    2    3.2923    1.8820     0.0     0.0   100.0   0.908  00:53
    3    2.7545    1.8253     0.0     0.0   100.0   0.781  00:50
    4    2.9224    1.8776     3.2     2.1    94.7   1.000  00:50
    5    2.5623    1.8500     0.0     0.0   100.0   1.000  00:50
    6    3.2002    1.8546     4.8     2.4    92.8   0.995  00:51
    7    2.5940    1.8166     0.0     0.0   100.0   1.000  00:50
    8    2.5623    1.7461     0.0    17.6    82.4   0.985  01:05
    9    2.9460    1.8638     7.0     0.4    92.6   0.956  00:50
   10    2.7545    1.8454     0.0     0.0   100.0   1.000  01:01

  Saved /Users/jrdnmrtnz12/CAS_Football_GA/results/multi_seed/run2/seed_results.csv
  Saved /Users/jrdnmrtnz12/CAS_Football_GA/results/multi_seed/run2/summary_stats.csv
  Run 2 complete — 9.0 min total

================================================================================
  Run 3 | mean(pts) − 0.5·std + constraints
================================================================================
  Seed      Best      Mean    run%    sht%    dep%     4th  elapsed
  --------------------------------------------------------------------
    1    2.5830    1.8514     1.6     3.0    95.4   0.898  00:53
    2    2.7186    1.8679     0.0     8.3    91.7   0.861  00:51
    3    2.7907    1.9250     0.0    11.2    88.8   1.000  00:51
    4    2.5974    1.8546     7.9     3.9    88.2   1.000  00:51
    5    2.7067    1.9131    11.0     8.2    80.8   1.000  00:52
    6    2.6286    1.9015     7.1     0.0    92.9   0.970  00:51
    7    2.7620    1.8891     0.0     0.0   100.0   0.881  00:51
    8    2.6554    1.8530     1.9     0.0    98.1   0.927  00:52
    9    2.6125    1.8840     0.0     7.4    92.6   0.934  00:53
   10    2.7835    1.7978     3.8     8.2    88.0   0.858  00:51

  Saved /Users/jrdnmrtnz12/CAS_Football_GA/results/multi_seed/run3/seed_results.csv
  Saved /Users/jrdnmrtnz12/CAS_Football_GA/results/multi_seed/run3/summary_stats.csv
  Run 3 complete — 8.7 min total

================================================================================
  Run 4a | mean(pts)  [TO=−3.5]
================================================================================
  Seed      Best      Mean    run%    sht%    dep%     4th  elapsed
  --------------------------------------------------------------------
    1    3.7650    2.6212     2.2    97.8     0.0   1.000  01:24
    2    3.6450    2.6306     0.8    99.2     0.0   0.973  01:23
    3    3.5650    2.6461     2.4    97.6     0.0   1.000  01:31
    4    3.6500    2.5360     0.0     3.4    96.6   0.985  00:52
    5    3.4400    2.5324     4.8    15.8    79.5   0.937  00:52
    6    4.0550    2.4621     0.0    22.0    78.0   0.787  00:57
    7    3.8500    2.7079     0.0   100.0     0.0   1.000  01:27
    8    3.5100    2.6140     0.0    98.2     1.8   0.981  01:29
    9    3.7650    2.6195     1.2     9.8    89.0   0.929  00:52
   10    3.4700    2.6507     4.3    94.9     0.8   1.000  01:30

  Saved /Users/jrdnmrtnz12/CAS_Football_GA/results/multi_seed/run4a/seed_results.csv
  Saved /Users/jrdnmrtnz12/CAS_Football_GA/results/multi_seed/run4a/summary_stats.csv
  Run 4a complete — 12.4 min total

================================================================================
  Run 4b | mean(pts) − 0.5·std  [TO=−3.5]
================================================================================
  Seed      Best      Mean    run%    sht%    dep%     4th  elapsed
  --------------------------------------------------------------------
    1    1.7723    0.8361     6.9    93.0     0.1   0.993  01:33
    2    1.8266    0.8540    11.5    88.5     0.0   0.838  01:33
    3    2.0034    0.8675     8.4    91.6     0.0   0.958  01:33
    4    1.7980    0.8132     0.0   100.0     0.0   0.928  01:33
    5    1.9858    0.9076     1.7    98.3     0.0   0.979  01:32
    6    1.8161    0.7791    10.3    86.8     2.9   1.000  01:33
    7    1.9327    0.9349     0.3    98.1     1.6   1.000  01:33
    8    1.8430    0.8733     8.0    87.3     4.6   0.945  01:33
    9    1.8559    0.9188     0.0    99.1     0.9   0.950  01:34
   10    1.9129    0.7978     0.0   100.0     0.0   0.771  01:33

  Saved /Users/jrdnmrtnz12/CAS_Football_GA/results/multi_seed/run4b/seed_results.csv
  Saved /Users/jrdnmrtnz12/CAS_Football_GA/results/multi_seed/run4b/summary_stats.csv
  Run 4b complete — 15.6 min total

Saved /Users/jrdnmrtnz12/CAS_Football_GA/results/multi_seed/all_runs_summary.csv

--- Generating comparison figure ---
  Saved /Users/jrdnmrtnz12/CAS_Football_GA/figures/multi_seed/mean_fitness_comparison.png

================================================================================================================
  MULTI-SEED SUMMARY (10 seeds per experiment)
================================================================================================================
  Run      Fitness Function                        BestFit μ      ±σ   run% μ   sht% μ   dep% μ   4th μ
  ------------------------------------------------------------------------------------------------------------
  run1     mean(pts)                                  4.3210  0.1648      1.1      5.2     93.7   0.963
  run2     mean(pts) − 0.5·std                        2.8229  0.2622      1.7      2.7     95.6   0.951
  run3     mean(pts) − 0.5·std + constraints          2.6838  0.0787      3.3      5.0     91.7   0.933
  run4a    mean(pts)  [TO=−3.5]                       3.6715  0.1913      1.6     63.9     34.6   0.959
  run4b    mean(pts) − 0.5·std  [TO=−3.5]             1.8747  0.0797      4.7     94.3      1.0   0.936
================================================================================================================

All done — total wall time: 54.2 min
