================================================================================
  CAS Football GA — Run 5 (10 seeds)
  f = mean(pts)  TO=−3.5  field-position EPA=True  constraints=False
  Pop=100  Gens=100  Drives/eval=100
================================================================================

Loading probability distributions...
  Done.

  Seed   FinalBest    run%    sht%    dep%     4th  elapsed
  -----------------------------------------------------------------
     1      3.3480     7.6    92.4     0.0   0.923  01:17
     2      3.3240     0.0    88.1    11.9   1.000  01:27
     3      3.7520     0.0     0.0   100.0   0.950  00:54
     4      3.0450     0.0     2.7    97.3   0.908  00:55
     5      3.4360     0.4     0.0    99.6   0.676  00:53
     6      3.4170     0.0     0.0   100.0   0.820  00:56
     7      3.6720     1.5     1.5    97.0   0.746  00:52
     8      3.5050     0.0     0.0   100.0   0.975  00:53
     9      3.3250     1.0     6.6    92.4   0.970  00:52
    10      3.2680     0.0    96.1     3.9   0.997  01:24

  10 seeds complete — 10.4 min

--- Saving results ---
  Saved CSVs → results/run5/

--- Saving multi-seed results ---
Traceback (most recent call last):
  File "/Users/jrdnmrtnz12/CAS_Football_GA/src/run_run5.py", line 465, in <module>
    mean_best, std_best = save_multi_seed(all_best_per_gen, strat_rows, all_best_per_gen)
                          ^^^^^^^^^^^^^^^^^^^^^^^^^^^^^^^^^^^^^^^^^^^^^^^^^^^^^^^^^^^^^^^
  File "/Users/jrdnmrtnz12/CAS_Football_GA/src/run_run5.py", line 204, in save_multi_seed
    seed_df.insert(0, 'seed_idx', range(1, N_SEEDS + 1))
  File "/Users/jrdnmrtnz12/CAS_Football_GA/venv/lib/python3.11/site-packages/pandas/core/frame.py", line 4817, in insert
    raise ValueError(f"cannot insert {column}, already exists")
ValueError: cannot insert seed_idx, already exists
