================================================================================
  CAS Football GA — Run 5 (10 seeds)
  f = mean(pts)  TO=−3.5  field-position EPA=True  constraints=False
  Pop=100  Gens=100  Drives/eval=100
================================================================================

Loading probability distributions...
  Done.

  Seed   FinalBest    run%    sht%    dep%     4th  elapsed
  -----------------------------------------------------------------
     1      3.4640     6.1    88.1     5.7   0.950  01:27
     2      3.4190     6.7    11.0    82.2   1.000  00:51
     3      3.5380     0.0    96.0     4.0   0.993  01:30
     4      3.4160    18.1    70.2    11.7   0.947  01:31
     5      3.5920     1.2     3.8    95.0   1.000  00:54
     6      3.2200     5.0    95.0     0.0   0.938  01:16
     7      3.5440     0.0    16.5    83.5   0.963  00:51
     8      3.3420     0.0    99.3     0.7   0.935  01:24
     9      3.4180     0.0     0.9    99.1   0.695  00:53
    10      3.3540     0.1    99.9     0.0   0.996  01:28

  10 seeds complete — 12.2 min

--- Saving results ---
  Saved CSVs → results/run5/

--- Saving multi-seed results ---
  Saved CSVs → results/multi_seed/run5/

--- Running best strategy (10 verbose drives) ---
  Saved results/run5/best_strategy_drives.txt
Best Evolved Strategy: Strategy(run=0.012, short=0.038, deep=0.950, 4th_aggr=1.000)


[1m===== DRIVE 1 | Strategy: Run 1% | Short 4% | Deep 95% | 4th Aggr: 1.00 =====[0m
[93m  1st & 10 at OWN 25  →  DEEP PASS: Incomplete[0m
[93m  2nd & 10 at OWN 25  →  DEEP PASS: Incomplete[0m
[93m  3rd & 10 at OWN 25  →  DEEP PASS: Incomplete[0m
[92m  4th & 10 at OWN 25  →  DEEP PASS: Complete, +24 yds  ✓ FIRST DOWN[0m
[93m  1st & 10 at OWN 49  →  DEEP PASS: Incomplete[0m
[92m  2nd & 10 at OWN 49  →  DEEP PASS: Complete, +20 yds  ✓ FIRST DOWN[0m
[92m  1st & 10 at OPP 31  →  DEEP PASS: Complete, +23 yds  ✓ FIRST DOWN[0m
[1m[91m  1st & 10 at OPP  8  →  DEEP PASS: INTERCEPTION  ✗ TURNOVER[0m
[94m  Drive Result: -3.5 pts | Ended: Interception[0m

[1m===== DRIVE 2 | Strategy: Run 1% | Short 4% | Deep 95% | 4th Aggr: 1.00 =====[0m
[93m  1st & 10 at OWN 25  →  DEEP PASS: Incomplete[0m
[93m  2nd & 10 at OWN 25  →  DEEP PASS: Incomplete[0m
[92m  3rd & 10 at OWN 25  →  DEEP PASS: Complete, +25 yds  ✓ FIRST DOWN[0m
[93m  1st & 10 at OWN 50  →  DEEP PASS: Incomplete[0m
[92m  2nd & 10 at OWN 50  →  DEEP PASS: Complete, +24 yds  ✓ FIRST DOWN[0m
[93m  1st & 10 at OPP 26  →  DEEP PASS: Incomplete[0m
[93m  2nd & 10 at OPP 26  →  DEEP PASS: Incomplete[0m
[1m[92m  3rd & 10 at OPP 26  →  DEEP PASS: Complete, +26 yds  ★ TOUCHDOWN[0m
[94m  Drive Result: 7 pts | Ended: Touchdown[0m

[1m===== DRIVE 3 | Strategy: Run 1% | Short 4% | Deep 95% | 4th Aggr: 1.00 =====[0m
[92m  1st & 10 at OWN 25  →  DEEP PASS: Complete, +21 yds  ✓ FIRST DOWN[0m
[92m  1st & 10 at OWN 46  →  DEEP PASS: Complete, +24 yds  ✓ FIRST DOWN[0m
[1m[92m  1st & 10 at OPP 30  →  DEEP PASS: Complete, +45 yds  ★ TOUCHDOWN[0m
[94m  Drive Result: 7 pts | Ended: Touchdown[0m

[1m===== DRIVE 4 | Strategy: Run 1% | Short 4% | Deep 95% | 4th Aggr: 1.00 =====[0m
[93m  1st & 10 at OWN 25  →  DEEP PASS: Incomplete[0m
[92m  2nd & 10 at OWN 25  →  DEEP PASS: Complete, +28 yds  ✓ FIRST DOWN[0m
[92m  1st & 10 at OPP 47  →  DEEP PASS: Complete, +14 yds  ✓ FIRST DOWN[0m
[93m  1st & 10 at OPP 33  →  DEEP PASS: Incomplete[0m
[93m  2nd & 10 at OPP 33  →  DEEP PASS: Incomplete[0m
[93m  3rd & 10 at OPP 33  →  DEEP PASS: Incomplete[0m
[1m[92m  4th & 10 at OPP 33  →  FIELD GOAL  ✓[0m
[94m  Drive Result: 3 pts | Ended: Field Goal[0m

[1m===== DRIVE 5 | Strategy: Run 1% | Short 4% | Deep 95% | 4th Aggr: 1.00 =====[0m
[92m  1st & 10 at OWN 25  →  DEEP PASS: Complete, +27 yds  ✓ FIRST DOWN[0m
[93m  1st & 10 at OPP 48  →  DEEP PASS: Incomplete[0m
[93m  2nd & 10 at OPP 48  →  DEEP PASS: Incomplete[0m
[93m  3rd & 10 at OPP 48  →  DEEP PASS: Incomplete[0m
[92m  4th & 10 at OPP 48  →  DEEP PASS: Complete, +32 yds  ✓ FIRST DOWN[0m
[1m[92m  1st & 10 at OPP 16  →  DEEP PASS: Complete, +21 yds  ★ TOUCHDOWN[0m
[94m  Drive Result: 7 pts | Ended: Touchdown[0m

[1m===== DRIVE 6 | Strategy: Run 1% | Short 4% | Deep 95% | 4th Aggr: 1.00 =====[0m
[92m  1st & 10 at OWN 25  →  DEEP PASS: Complete, +18 yds  ✓ FIRST DOWN[0m
[92m  1st & 10 at OWN 43  →  DEEP PASS: Complete, +34 yds  ✓ FIRST DOWN[0m
[93m  1st & 10 at OPP 23  →  DEEP PASS: Incomplete[0m
[93m  2nd & 10 at OPP 23  →  DEEP PASS: Incomplete[0m
[93m  3rd & 10 at OPP 23  →  DEEP PASS: Incomplete[0m
[1m[92m  4th & 10 at OPP 23  →  FIELD GOAL  ✓[0m
[94m  Drive Result: 3 pts | Ended: Field Goal[0m

[1m===== DRIVE 7 | Strategy: Run 1% | Short 4% | Deep 95% | 4th Aggr: 1.00 =====[0m
[93m  1st & 10 at OWN 25  →  DEEP PASS: Incomplete[0m
[93m  2nd & 10 at OWN 25  →  SHORT PASS: Incomplete[0m
[92m  3rd & 10 at OWN 25  →  DEEP PASS: Complete, +35 yds  ✓ FIRST DOWN[0m
[92m  1st & 10 at OPP 40  →  DEEP PASS: Complete, +29 yds  ✓ FIRST DOWN[0m
[1m[92m  1st & 10 at OPP 11  →  DEEP PASS: Complete, +36 yds  ★ TOUCHDOWN[0m
[94m  Drive Result: 7 pts | Ended: Touchdown[0m

[1m===== DRIVE 8 | Strategy: Run 1% | Short 4% | Deep 95% | 4th Aggr: 1.00 =====[0m
[93m  1st & 10 at OWN 25  →  DEEP PASS: Incomplete[0m
[93m  2nd & 10 at OWN 25  →  DEEP PASS: Incomplete[0m
[1m[91m  3rd & 10 at OWN 25  →  DEEP PASS: INTERCEPTION  ✗ TURNOVER[0m
[94m  Drive Result: -3.5 pts | Ended: Interception[0m

[1m===== DRIVE 9 | Strategy: Run 1% | Short 4% | Deep 95% | 4th Aggr: 1.00 =====[0m
[92m  1st & 10 at OWN 25  →  DEEP PASS: Complete, +17 yds  ✓ FIRST DOWN[0m
[93m  1st & 10 at OWN 42  →  DEEP PASS: Incomplete[0m
[93m  2nd & 10 at OWN 42  →  DEEP PASS: Incomplete[0m
[92m  3rd & 10 at OWN 42  →  DEEP PASS: Complete, +29 yds  ✓ FIRST DOWN[0m
[92m  1st & 10 at OPP 29  →  DEEP PASS: Complete, +26 yds  ✓ FIRST DOWN[0m
[93m  1st & 10 at OPP  3  →  DEEP PASS: Incomplete[0m
[1m[91m  2nd & 10 at OPP  3  →  DEEP PASS: INTERCEPTION  ✗ TURNOVER[0m
[94m  Drive Result: -3.5 pts | Ended: Interception[0m

[1m===== DRIVE 10 | Strategy: Run 1% | Short 4% | Deep 95% | 4th Aggr: 1.00 =====[0m
[93m  1st & 10 at OWN 25  →  DEEP PASS: Incomplete[0m
[92m  2nd & 10 at OWN 25  →  DEEP PASS: Complete, +18 yds  ✓ FIRST DOWN[0m
[93m  1st & 10 at OWN 43  →  DEEP PASS: Incomplete[0m
[92m  2nd & 10 at OWN 43  →  DEEP PASS: Complete, +31 yds  ✓ FIRST DOWN[0m
[1m[92m  1st & 10 at OPP 26  →  DEEP PASS: Complete, +29 yds  ★ TOUCHDOWN[0m
[94m  Drive Result: 7 pts | Ended: Touchdown[0m

=======================================================
  10-drive total: 30.5 pts  |  avg: 3.05 pts/drive
=======================================================


--- Generating figures/run5/ ---
  Saved /Users/jrdnmrtnz12/CAS_Football_GA/figures/run5/fitness_over_generations.png
  Saved /Users/jrdnmrtnz12/CAS_Football_GA/figures/run5/strategy_parameter_evolution.png

--- Generating figures/multi_seed/run5_avg_fitness.png ---
  Saved /Users/jrdnmrtnz12/CAS_Football_GA/figures/multi_seed/run5_avg_fitness.png

--- Updating multi-seed comparison bar chart ---
  Saved /Users/jrdnmrtnz12/CAS_Football_GA/figures/multi_seed/mean_fitness_comparison.png

========================================================================================================================
  FULL CROSS-RUN COMPARISON (including Run 5)
========================================================================================================================
  Run     Fitness Function                            TO   Var   Con    FP     Best     Mean   run%   sht%   dep%    4th  Seed
  ------------------------------------------------------------------------------------------------------------------
  run1    mean(pts)                                   No    No    No    No    4.410    3.485   10.7    0.0   89.3  0.917  1695073120
  run2    mean(pts) − 0.5·std                         No   Yes    No    No    2.922    1.847    0.0    0.0  100.0  0.985  42
  run3    mean(pts) − 0.5·std                         No   Yes   Yes    No    2.952    1.863    0.9   14.2   84.9  1.000  1893890144
  run4a   mean(pts)  [TO=−3.5]                       Yes    No    No    No    3.330    2.692    0.0   95.5    4.5  0.965  1872639001
  run4b   mean(pts) − 0.5·std  [TO=−3.5]             Yes   Yes    No    No    1.491    0.782    9.6   86.3    4.1  0.945  791932856
  run5    mean(pts)  [TO=−3.5 + FP-EPA]              Yes    No    No   Yes    3.592    2.391    1.2    3.8   95.0  1.000  316917654
========================================================================================================================
  TO=Turnover penalty  Var=Variance penalty  Con=Situational constraints  FP=Field-position EPA
========================================================================================================================

Total wall time: 13.1 min
